// Jest Snapshot v1, https://goo.gl/fbAQLP

exports[`LoanProduct snapshot 1`] = `
<View
  style={
    [
      {
        "borderColor": "#D9D9D9",
        "borderRadius": 10,
        "borderWidth": 1,
        "height": 229,
        "width": 596,
      },
      false,
    ]
  }
>
  <View
    style={
      {
        "paddingHorizontal": 23,
        "paddingVertical": 36,
      }
    }
  >
    <Text
      style={
        {
          "color": "#000000",
          "fontFamily": "",
          "fontSize": 40,
          "fontWeight": "bold",
        }
      }
    >
      Test Loan
    </Text>
  </View>
  <View
    style={
      {
        "alignItems": "flex-end",
        "flexDirection": "row",
        "justifyContent": "space-between",
        "paddingHorizontal": 23,
      }
    }
  >
    <View>
      <Text
        style={
          {
            "color": "#000000",
            "fontFamily": "Inter-SemiBold",
            "fontSize": 20,
            "fontWeight": "500",
          }
        }
      >
        Maximum Amount:
      </Text>
      <Text
        style={
          {
            "color": "#30C2E3",
            "fontFamily": "Inter-SemiBold",
            "fontSize": 48,
            "fontWeight": "500",
          }
        }
      >
        $
        1000
      </Text>
      <Text
        style={
          {
            "color": "#000000",
            "fontFamily": "",
            "fontSize": 22,
            "fontWeight": "bold",
          }
        }
      >
        Interest: 
        5
        %
      </Text>
    </View>
    <View>
      <View
        style={
          [
            {
              "alignItems": "center",
              "backgroundColor": "#30C2E3",
              "borderRadius": 40,
              "height": 92,
              "justifyContent": "center",
              "paddingHorizontal": 8,
              "width": 666,
            },
            {
              "backgroundColor": "transparent",
              "borderColor": "#30C2E3",
              "borderRadius": 40,
              "borderWidth": 1,
            },
            {
              "borderRadius": 20,
              "height": 35,
              "width": 186,
            },
          ]
        }
      >
        <View
          accessibilityState={
            {
              "busy": undefined,
              "checked": undefined,
              "disabled": undefined,
              "expanded": undefined,
              "selected": undefined,
            }
          }
          accessibilityValue={
            {
              "max": undefined,
              "min": undefined,
              "now": undefined,
              "text": undefined,
            }
          }
          accessible={true}
          collapsable={false}
          focusable={true}
          onBlur={[Function]}
          onClick={[Function]}
          onFocus={[Function]}
          onResponderGrant={[Function]}
          onResponderMove={[Function]}
          onResponderRelease={[Function]}
          onResponderTerminate={[Function]}
          onResponderTerminationRequest={[Function]}
          onStartShouldSetResponder={[Function]}
          style={false}
        >
          <View
            style={
              [
                {
                  "alignItems": "center",
                  "backgroundColor": "#30C2E3",
                  "borderColor": "#30C2E3",
                  "borderRadius": 40,
                  "borderWidth": 1,
                  "flexDirection": "row",
                  "height": 92,
                  "justifyContent": "center",
                  "paddingHorizontal": 8,
                  "width": 666,
                },
                undefined,
                {
                  "backgroundColor": "transparent",
                  "borderColor": "#30C2E3",
                  "borderRadius": 40,
                  "borderWidth": 1,
                },
                {
                  "borderRadius": 20,
                  "height": 35,
                  "width": 186,
                },
              ]
            }
          >
            <Text
              style={
                [
                  {
                    "color": "#FFFF",
                    "fontFamily": "Inter-Bold",
                    "fontSize": 32,
                    "fontWeight": "600",
                    "textAlign": "center",
                  },
                  {
                    "color": "#30C2E3",
                    "fontFamily": "Inter-Bold",
                    "fontSize": 32,
                    "fontWeight": "400",
                  },
                  {
                    "fontFamily": "Roboto-Bold",
                    "fontSize": 16,
                    "fontWeight": "400",
                  },
                ]
              }
            >
              Learn More
            </Text>
            <Text
              allowFontScaling={false}
              selectable={false}
              style={
                [
                  {
                    "color": "#30C2E3",
                    "fontSize": 24,
                  },
                  {
                    "paddingLeft": 14,
                  },
                  {
                    "fontFamily": "ionicons",
                    "fontStyle": "normal",
                    "fontWeight": "normal",
                  },
                  {},
                ]
              }
            >
              
            </Text>
          </View>
        </View>
      </View>
    </View>
  </View>
</View>
`;
